// Jest Snapshot v1, https://goo.gl/fbAQLP

exports[`<EmbeddedPage /> should translate _t strings 1`] = `
<DocumentFragment>
  <div
    class="undefined undefined_guest"
  >
    <div
      class="undefined_body"
    >
      <h1>
        PrzeglÄ…daj pokoje
      </h1>
    </div>
  </div>
</DocumentFragment>
`;
